14:26:50 [INFO] starting tacky-borders
14:26:50 [INFO] generating default config in C:\Users\Sloth\.config\tacky-borders
14:26:50 [ERROR] could not set window position for HWND(0x28072c): Access is denied. (0x80070005)
14:26:50 [ERROR] could not set window position for HWND(0x28072c): Access is denied. (0x80070005)
14:31:26 [ERROR] could not set window position for HWND(0x706f6): Access is denied. (0x80070005)
14:31:26 [ERROR] could not set window position for HWND(0x706f6): Access is denied. (0x80070005)
14:31:26 [ERROR] could not set window position for HWND(0x706f6): Access is denied. (0x80070005)
14:31:30 [ERROR] could not set window position for HWND(0x28072c): Access is denied. (0x80070005)
14:31:30 [ERROR] could not set window position for HWND(0x28072c): Access is denied. (0x80070005)
14:31:30 [ERROR] could not set window position for HWND(0x28072c): Access is denied. (0x80070005)
14:31:40 [ERROR] could not set window position for HWND(0x706f6): Access is denied. (0x80070005)
14:31:40 [ERROR] could not set window position for HWND(0x706f6): Access is denied. (0x80070005)
14:31:40 [ERROR] could not set window position for HWND(0x706f6): Access is denied. (0x80070005)
14:31:56 [ERROR] could not set window position for HWND(0x706f6): Access is denied. (0x80070005)
14:31:56 [ERROR] could not set window position for HWND(0x706f6): Access is denied. (0x80070005)
14:32:00 [ERROR] could not set window position for HWND(0x28072c): Access is denied. (0x80070005)
14:32:00 [ERROR] could not set window position for HWND(0x28072c): Access is denied. (0x80070005)
14:32:00 [ERROR] could not set window position for HWND(0x28072c): Access is denied. (0x80070005)
14:32:02 [ERROR] could not set window position for HWND(0x706f6): Access is denied. (0x80070005)
14:32:02 [ERROR] could not set window position for HWND(0x706f6): Access is denied. (0x80070005)
14:32:02 [ERROR] could not set window position for HWND(0x706f6): Access is denied. (0x80070005)
14:32:02 [ERROR] could not set window position for HWND(0x28072c): Access is denied. (0x80070005)
14:32:02 [ERROR] could not set window position for HWND(0x28072c): Access is denied. (0x80070005)
14:32:02 [ERROR] could not set window position for HWND(0x28072c): Access is denied. (0x80070005)
14:32:08 [ERROR] could not set window position for HWND(0x706f6): Access is denied. (0x80070005)
14:32:08 [ERROR] could not set window position for HWND(0x706f6): Access is denied. (0x80070005)
14:32:08 [ERROR] could not set window position for HWND(0x706f6): Access is denied. (0x80070005)
14:32:13 [ERROR] could not set window position for HWND(0x1e406fa): Access is denied. (0x80070005)
14:32:13 [ERROR] could not set window position for HWND(0x1e406fa): Access is denied. (0x80070005)
14:32:26 [INFO] config.yaml has changed; reloading borders
14:32:26 [ERROR] could not set window position for HWND(0x706f6): Access is denied. (0x80070005)
14:32:26 [ERROR] could not set window position for HWND(0x706f6): Access is denied. (0x80070005)
14:32:51 [ERROR] could not set window position for HWND(0x706f6): Access is denied. (0x80070005)
14:32:51 [ERROR] could not set window position for HWND(0x706f6): Access is denied. (0x80070005)
14:32:51 [ERROR] could not set window position for HWND(0x706f6): Access is denied. (0x80070005)
14:33:25 [ERROR] could not reload config: global: data did not match any variant of untagged enum ColorConfig at line 7 column 3
14:33:25 [INFO] config.yaml has changed; reloading borders
14:33:25 [ERROR] could not set window position for HWND(0x706f6): Access is denied. (0x80070005)
14:33:25 [ERROR] could not set window position for HWND(0x706f6): Access is denied. (0x80070005)
14:33:25 [ERROR] could not reload config: global: data did not match any variant of untagged enum ColorConfig at line 7 column 3
14:33:40 [INFO] config.yaml has changed; reloading borders
14:33:40 [ERROR] could not set window position for HWND(0x706f6): Access is denied. (0x80070005)
14:33:40 [ERROR] could not set window position for HWND(0x706f6): Access is denied. (0x80070005)
14:33:51 [ERROR] could not reload config: global: data did not match any variant of untagged enum ColorConfig at line 7 column 3
14:33:51 [INFO] config.yaml has changed; reloading borders
14:33:51 [ERROR] received invalid dpi of 0 from GetDpiForWindow for HWND(0x70804)
14:33:51 [ERROR] could not set window position for HWND(0x706f6): Access is denied. (0x80070005)
14:33:51 [ERROR] could not set window position for HWND(0x706f6): Access is denied. (0x80070005)
14:33:52 [ERROR] could not reload config: global: data did not match any variant of untagged enum ColorConfig at line 7 column 3
14:34:08 [INFO] config.yaml has changed; reloading borders
14:34:08 [ERROR] could not check if window is cloaked: The handle is invalid. (0x80070006)
14:34:08 [ERROR] could not set window position for HWND(0x706f6): Access is denied. (0x80070005)
14:34:08 [ERROR] could not set window position for HWND(0x706f6): Access is denied. (0x80070005)
14:34:19 [INFO] config.yaml has changed; reloading borders
14:34:19 [ERROR] received invalid dpi of 0 from GetDpiForWindow for HWND(0x708e8)
14:34:19 [ERROR] could not set window position for HWND(0x706f6): Access is denied. (0x80070005)
14:34:19 [ERROR] could not set window position for HWND(0x706f6): Access is denied. (0x80070005)
14:34:46 [INFO] config.yaml has changed; reloading borders
14:34:46 [ERROR] received invalid dpi of 0 from GetDpiForWindow for HWND(0xfa07c2)
14:34:46 [ERROR] could not set window position for HWND(0x706f6): Access is denied. (0x80070005)
14:34:46 [ERROR] could not set window position for HWND(0x706f6): Access is denied. (0x80070005)
14:34:48 [ERROR] could not set window position for HWND(0x706f6): Access is denied. (0x80070005)
14:34:48 [ERROR] could not set window position for HWND(0x706f6): Access is denied. (0x80070005)
14:34:48 [ERROR] could not set window position for HWND(0x706f6): Access is denied. (0x80070005)
14:35:00 [INFO] border is disabled for HWND(0x10608)
14:35:02 [ERROR] could not set window position for HWND(0x706f6): Access is denied. (0x80070005)
14:35:02 [ERROR] could not set window position for HWND(0x706f6): Access is denied. (0x80070005)
14:35:07 [INFO] config.yaml has changed; reloading borders
14:35:07 [ERROR] received invalid dpi of 0 from GetDpiForWindow for HWND(0x11080a)
14:35:07 [ERROR] could not set window position for HWND(0x706f6): Access is denied. (0x80070005)
14:35:07 [ERROR] could not set window position for HWND(0x706f6): Access is denied. (0x80070005)
14:35:07 [ERROR] could not send animation timer message for HWND(0xfd07c2): Invalid window handle. (0x80070578)
14:35:17 [INFO] config.yaml has changed; reloading borders
14:35:17 [ERROR] received invalid dpi of 0 from GetDpiForWindow for HWND(0x6089a)
14:35:17 [ERROR] could not set window position for HWND(0x706f6): Access is denied. (0x80070005)
14:35:17 [ERROR] could not set window position for HWND(0x706f6): Access is denied. (0x80070005)
14:35:17 [ERROR] could not send animation timer message for HWND(0xa0864): Invalid window handle. (0x80070578)
14:35:44 [INFO] config.yaml has changed; reloading borders
14:35:44 [ERROR] received invalid dpi of 0 from GetDpiForWindow for HWND(0x7089a)
14:35:44 [ERROR] could not set window position for HWND(0x706f6): Access is denied. (0x80070005)
14:35:44 [ERROR] could not set window position for HWND(0x706f6): Access is denied. (0x80070005)
14:35:44 [ERROR] could not send animation timer message for HWND(0xd0864): Invalid window handle. (0x80070578)
14:36:00 [INFO] config.yaml has changed; reloading borders
14:36:00 [ERROR] received invalid dpi of 0 from GetDpiForWindow for HWND(0x8089a)
14:36:00 [ERROR] could not set window position for HWND(0x706f6): Access is denied. (0x80070005)
14:36:00 [ERROR] could not set window position for HWND(0x706f6): Access is denied. (0x80070005)
14:36:00 [ERROR] could not send animation timer message for HWND(0x190826): Invalid window handle. (0x80070578)
14:36:30 [INFO] config.yaml has changed; reloading borders
14:36:30 [ERROR] received invalid dpi of 0 from GetDpiForWindow for HWND(0x19080a)
14:36:30 [ERROR] could not set window position for HWND(0x706f6): Access is denied. (0x80070005)
14:36:30 [ERROR] could not set window position for HWND(0x706f6): Access is denied. (0x80070005)
14:36:30 [ERROR] could not send animation timer message for HWND(0xa089a): Invalid window handle. (0x80070578)
14:36:36 [INFO] config.yaml has changed; reloading borders
14:36:36 [ERROR] received invalid dpi of 0 from GetDpiForWindow for HWND(0x1b080a)
14:36:36 [ERROR] could not set window position for HWND(0x706f6): Access is denied. (0x80070005)
14:36:36 [ERROR] could not set window position for HWND(0x706f6): Access is denied. (0x80070005)
14:36:36 [ERROR] could not send animation timer message for HWND(0xb089a): Invalid window handle. (0x80070578)
14:36:59 [ERROR] could not set window position for HWND(0x706f6): Access is denied. (0x80070005)
14:36:59 [ERROR] could not set window position for HWND(0x706f6): Access is denied. (0x80070005)
14:36:59 [ERROR] could not set window position for HWND(0x706f6): Access is denied. (0x80070005)
14:37:03 [INFO] config.yaml has changed; reloading borders
14:37:03 [ERROR] could not set window position for HWND(0x706f6): Access is denied. (0x80070005)
14:37:03 [ERROR] could not set window position for HWND(0x706f6): Access is denied. (0x80070005)
14:37:03 [ERROR] could not send animation timer message for HWND(0x130864): Invalid window handle. (0x80070578)
14:37:27 [ERROR] could not set window position for HWND(0x706f6): Access is denied. (0x80070005)
14:37:27 [ERROR] could not set window position for HWND(0x706f6): Access is denied. (0x80070005)
14:37:27 [ERROR] could not send animation timer message for HWND(0x8607e6): Invalid window handle. (0x80070578)
14:38:22 [ERROR] could not set window position for HWND(0x706f6): Access is denied. (0x80070005)
14:38:22 [ERROR] could not set window position for HWND(0x706f6): Access is denied. (0x80070005)
14:38:22 [ERROR] could not set window position for HWND(0x706f6): Access is denied. (0x80070005)
14:38:52 [ERROR] could not set window position for HWND(0x12089a): Access is denied. (0x80070005)
14:38:52 [ERROR] could not set window position for HWND(0x12089a): Access is denied. (0x80070005)
14:38:52 [ERROR] could not send animation timer message for HWND(0x40842): Invalid window handle. (0x80070578)
14:38:53 [ERROR] could not set window position for HWND(0x50892): Access is denied. (0x80070005)
14:38:53 [ERROR] could not set window position for HWND(0x50892): Access is denied. (0x80070005)
14:38:53 [ERROR] could not send animation timer message for HWND(0x40832): Invalid window handle. (0x80070578)
14:39:49 [INFO] border is disabled for HWND(0x10608)
14:40:00 [ERROR] could not set window position for HWND(0x28072c): Access is denied. (0x80070005)
14:40:00 [ERROR] could not set window position for HWND(0x28072c): Access is denied. (0x80070005)
14:40:00 [ERROR] could not send animation timer message for HWND(0x5407e4): Invalid window handle. (0x80070578)
14:40:13 [ERROR] could not set window position for HWND(0xa0680): Access is denied. (0x80070005)
14:40:13 [ERROR] could not set window position for HWND(0xa0680): Access is denied. (0x80070005)
14:40:13 [ERROR] could not set window position for HWND(0xa0680): Access is denied. (0x80070005)
14:40:31 [ERROR] could not set window position for HWND(0xa0680): Access is denied. (0x80070005)
14:40:31 [ERROR] could not set window position for HWND(0xa0680): Access is denied. (0x80070005)
14:40:31 [ERROR] could not set window position for HWND(0xa0680): Access is denied. (0x80070005)
14:41:37 [INFO] config.yaml has changed; reloading borders
14:41:47 [INFO] config.yaml has changed; reloading borders
14:41:53 [INFO] config.yaml has changed; reloading borders
14:42:07 [INFO] border is disabled for HWND(0x200a8)
14:42:07 [INFO] border is disabled for HWND(0x101da)
14:42:15 [ERROR] could not set window position for HWND(0x140854): Access is denied. (0x80070005)
14:42:15 [ERROR] could not set window position for HWND(0x140854): Access is denied. (0x80070005)
14:42:15 [ERROR] could not send animation timer message for HWND(0x907fa): Invalid window handle. (0x80070578)
14:42:16 [ERROR] could not set window position for HWND(0xcc07c0): Access is denied. (0x80070005)
14:42:16 [ERROR] could not set window position for HWND(0xcc07c0): Access is denied. (0x80070005)
14:42:16 [ERROR] could not send animation timer message for HWND(0xb0686): Invalid window handle. (0x80070578)
14:42:29 [ERROR] could not set window position for HWND(0x6207f2): Access is denied. (0x80070005)
14:42:29 [ERROR] could not set window position for HWND(0x6207f2): Access is denied. (0x80070005)
14:42:29 [ERROR] could not send animation timer message for HWND(0x27073a): Invalid window handle. (0x80070578)
14:43:39 [INFO] border is disabled for HWND(0x10608)
14:43:40 [INFO] border is disabled for HWND(0x10608)
14:44:30 [INFO] border is disabled for HWND(0x10608)
14:45:15 [ERROR] could not set window position for HWND(0xcc07c0): Access is denied. (0x80070005)
14:45:15 [ERROR] could not set window position for HWND(0xcc07c0): Access is denied. (0x80070005)
14:45:15 [ERROR] could not set window position for HWND(0xcc07c0): Access is denied. (0x80070005)
14:46:04 [INFO] border is disabled for HWND(0x10608)
14:46:46 [INFO] border is disabled for HWND(0x10608)
14:47:03 [ERROR] could not set window position for HWND(0xcc07c0): Access is denied. (0x80070005)
14:47:03 [ERROR] could not set window position for HWND(0xcc07c0): Access is denied. (0x80070005)
14:47:03 [ERROR] could not send animation timer message for HWND(0x47089a): Invalid window handle. (0x80070578)
14:47:45 [INFO] border is disabled for HWND(0xe078c)
14:47:52 [INFO] border is disabled for HWND(0xe078c)
14:48:05 [INFO] border is disabled for HWND(0xe078c)
14:48:13 [INFO] border is disabled for HWND(0xe078c)
14:48:27 [INFO] border is disabled for HWND(0xe078c)
14:49:53 [ERROR] could not set window position for HWND(0xcc07c0): Access is denied. (0x80070005)
14:49:53 [ERROR] could not set window position for HWND(0xcc07c0): Access is denied. (0x80070005)
14:49:53 [ERROR] could not send animation timer message for HWND(0x50482): Invalid window handle. (0x80070578)
14:49:54 [ERROR] could not set window position for HWND(0x1901dc): Access is denied. (0x80070005)
14:49:54 [ERROR] could not set window position for HWND(0x1901dc): Access is denied. (0x80070005)
14:49:54 [ERROR] could not send animation timer message for HWND(0x30073a): Invalid window handle. (0x80070578)
14:50:08 [ERROR] could not set window position for HWND(0x1406e0): Access is denied. (0x80070005)
14:50:08 [ERROR] could not set window position for HWND(0x1406e0): Access is denied. (0x80070005)
14:50:08 [ERROR] could not send animation timer message for HWND(0x30710): Invalid window handle. (0x80070578)
14:50:57 [INFO] border is disabled for HWND(0x20230)
14:50:57 [INFO] border is disabled for HWND(0x201ee)
14:53:31 [INFO] border is disabled for HWND(0xe078c)
14:54:37 [ERROR] could not set window position for HWND(0x4060a): Access is denied. (0x80070005)
14:54:37 [ERROR] could not set window position for HWND(0x4060a): Access is denied. (0x80070005)
14:54:37 [ERROR] could not set window position for HWND(0x4060a): Access is denied. (0x80070005)
14:54:37 [ERROR] could not set window position for HWND(0x4060a): Access is denied. (0x80070005)
14:54:39 [ERROR] could not set window position for HWND(0x4060a): Access is denied. (0x80070005)
14:54:39 [ERROR] could not set window position for HWND(0x4060a): Access is denied. (0x80070005)
14:54:39 [ERROR] could not send animation timer message for HWND(0x1b07fc): Invalid window handle. (0x80070578)
14:55:09 [ERROR] could not set window position for HWND(0x4060a): Access is denied. (0x80070005)
14:55:09 [ERROR] could not set window position for HWND(0x4060a): Access is denied. (0x80070005)
14:55:09 [ERROR] could not set window position for HWND(0x4060a): Access is denied. (0x80070005)
14:56:04 [ERROR] could not set window position for HWND(0x4060a): Access is denied. (0x80070005)
14:56:04 [ERROR] could not set window position for HWND(0x4060a): Access is denied. (0x80070005)
14:56:04 [ERROR] could not set window position for HWND(0x4060a): Access is denied. (0x80070005)
14:59:44 [INFO] border is disabled for HWND(0xe078c)
14:59:46 [INFO] border is disabled for HWND(0xe078c)
15:00:33 [INFO] border is disabled for HWND(0xe078c)
15:00:55 [ERROR] could not set window position for HWND(0x4060a): Access is denied. (0x80070005)
15:00:55 [ERROR] could not set window position for HWND(0x4060a): Access is denied. (0x80070005)
15:00:55 [ERROR] could not send animation timer message for HWND(0x50288): Invalid window handle. (0x80070578)
15:01:24 [ERROR] could not set window position for HWND(0x4060a): Access is denied. (0x80070005)
15:01:24 [ERROR] could not set window position for HWND(0x4060a): Access is denied. (0x80070005)
15:01:24 [ERROR] could not send animation timer message for HWND(0x2608b2): Invalid window handle. (0x80070578)
15:04:48 [ERROR] could not set window position for HWND(0x4060a): Access is denied. (0x80070005)
15:04:48 [ERROR] could not set window position for HWND(0x4060a): Access is denied. (0x80070005)
15:04:48 [ERROR] could not send animation timer message for HWND(0x19023c): Invalid window handle. (0x80070578)
15:10:15 [INFO] border is disabled for HWND(0xe078c)
15:12:23 [INFO] border is disabled for HWND(0xe078c)
15:14:47 [INFO] border is disabled for HWND(0xe078c)
15:15:03 [INFO] border is disabled for HWND(0xe078c)
15:15:14 [INFO] border is disabled for HWND(0xe078c)
15:15:25 [INFO] border is disabled for HWND(0xe078c)
15:19:17 [INFO] border is disabled for HWND(0xe078c)
15:20:25 [INFO] border is disabled for HWND(0xe078c)
15:20:26 [INFO] border is disabled for HWND(0xe078c)
15:20:28 [INFO] border is disabled for HWND(0xe078c)
15:21:54 [ERROR] could not set window position for HWND(0x4060a): Access is denied. (0x80070005)
15:21:54 [ERROR] could not set window position for HWND(0x4060a): Access is denied. (0x80070005)
15:21:54 [ERROR] could not send animation timer message for HWND(0x260890): Invalid window handle. (0x80070578)
15:22:13 [ERROR] could not set window position for HWND(0x4060a): Access is denied. (0x80070005)
15:22:13 [ERROR] could not set window position for HWND(0x4060a): Access is denied. (0x80070005)
15:22:13 [ERROR] could not send animation timer message for HWND(0x15083e): Invalid window handle. (0x80070578)
15:25:34 [ERROR] could not set window position for HWND(0x4060a): Access is denied. (0x80070005)
15:25:34 [ERROR] could not set window position for HWND(0x4060a): Access is denied. (0x80070005)
15:25:34 [ERROR] could not send animation timer message for HWND(0x280890): Invalid window handle. (0x80070578)
15:28:46 [ERROR] could not get window rect for HWND(0xc0444): The handle is invalid. (0x80070006)
15:29:19 [INFO] border is disabled for HWND(0x20230)
15:29:19 [INFO] border is disabled for HWND(0x201ee)
15:30:05 [ERROR] could not set window position for HWND(0x1804a0): Access is denied. (0x80070005)
15:30:05 [ERROR] could not set window position for HWND(0x1804a0): Access is denied. (0x80070005)
15:30:05 [ERROR] could not send animation timer message for HWND(0x4007e): Invalid window handle. (0x80070578)
15:30:10 [INFO] border is disabled for HWND(0x20230)
15:30:10 [INFO] border is disabled for HWND(0x201ee)
15:30:44 [ERROR] could not set window position for HWND(0x12006c): Access is denied. (0x80070005)
15:30:44 [ERROR] could not set window position for HWND(0x12006c): Access is denied. (0x80070005)
15:30:44 [ERROR] could not send animation timer message for HWND(0x3e043e): Invalid window handle. (0x80070578)
15:30:53 [ERROR] could not set window position for HWND(0x100822): Access is denied. (0x80070005)
15:30:53 [ERROR] could not set window position for HWND(0x100822): Access is denied. (0x80070005)
15:30:53 [ERROR] could not send animation timer message for HWND(0xf0874): Invalid window handle. (0x80070578)
15:30:54 [ERROR] could not set window position for HWND(0x110822): Access is denied. (0x80070005)
15:30:54 [ERROR] could not set window position for HWND(0x110822): Access is denied. (0x80070005)
15:30:54 [ERROR] could not send animation timer message for HWND(0xe08f0): Invalid window handle. (0x80070578)
15:31:11 [ERROR] could not set window position for HWND(0xb0928): Access is denied. (0x80070005)
15:31:13 [ERROR] could not set window position for HWND(0x110822): Access is denied. (0x80070005)
15:31:13 [ERROR] could not set window position for HWND(0x110822): Access is denied. (0x80070005)
15:31:13 [ERROR] could not set window position for HWND(0x110822): Access is denied. (0x80070005)
15:31:13 [ERROR] could not set window position for HWND(0x110822): Access is denied. (0x80070005)
15:32:21 [ERROR] could not set window position for HWND(0x1804a0): Access is denied. (0x80070005)
15:32:21 [ERROR] could not set window position for HWND(0x1804a0): Access is denied. (0x80070005)
15:32:21 [ERROR] could not set window position for HWND(0x1804a0): Access is denied. (0x80070005)
15:32:44 [ERROR] could not set window position for HWND(0x230892): Access is denied. (0x80070005)
15:32:44 [ERROR] could not set window position for HWND(0x230892): Access is denied. (0x80070005)
15:32:44 [ERROR] could not set window position for HWND(0x230892): Access is denied. (0x80070005)
15:37:36 [ERROR] could not set window position for HWND(0x1804a0): Access is denied. (0x80070005)
15:37:36 [ERROR] could not set window position for HWND(0x1804a0): Access is denied. (0x80070005)
15:37:36 [ERROR] could not set window position for HWND(0x1804a0): Access is denied. (0x80070005)
15:37:37 [ERROR] could not set window position for HWND(0x1804a0): Access is denied. (0x80070005)
15:37:37 [ERROR] could not set window position for HWND(0x1804a0): Access is denied. (0x80070005)
15:37:37 [ERROR] could not set window position for HWND(0x1804a0): Access is denied. (0x80070005)
15:37:44 [ERROR] could not check for changes in config dir: The I/O operation has been aborted because of either a thread exit or an application request. (0x800703E3)
15:37:44 [ERROR] could not receive data: Os { code: 10093, kind: Uncategorized, message: "Either the application has not called WSAStartup, or WSAStartup failed." }
15:37:44 [INFO] exiting tacky-borders
